{
    "sarscov2 - bam - stub": {
        "content": [
            {
                "0": [
                    [
                        {
                            "id": "test",
                            "single_end": false
                        },
                        "test-contigs.fa:md5,d41d8cd98f00b204e9800998ecf8427e"
                    ]
                ],
                "1": [
                    [
                        {
                            "id": "test",
                            "single_end": false
                        },
                        "test-scaffolds.fa:md5,d41d8cd98f00b204e9800998ecf8427e"
                    ]
                ],
                "2": [
                    [
                        {
                            "id": "test",
                            "single_end": false
                        },
                        "test-stats.tab:md5,d41d8cd98f00b204e9800998ecf8427e"
                    ]
                ],
                "3": [
                    [
                        {
                            "id": "test",
                            "single_end": false
                        },
                        "log:md5,d41d8cd98f00b204e9800998ecf8427e"
                    ]
                ],
                "4": [
                    [
                        "ABYSS",
                        "abyss",
                        ""
                    ]
                ],
                "contigs": [
                    [
                        {
                            "id": "test",
                            "single_end": false
                        },
                        "test-contigs.fa:md5,d41d8cd98f00b204e9800998ecf8427e"
                    ]
                ],
                "log": [
                    [
                        {
                            "id": "test",
                            "single_end": false
                        },
                        "log:md5,d41d8cd98f00b204e9800998ecf8427e"
                    ]
                ],
                "scaffolds": [
                    [
                        {
                            "id": "test",
                            "single_end": false
                        },
                        "test-scaffolds.fa:md5,d41d8cd98f00b204e9800998ecf8427e"
                    ]
                ],
                "stats": [
                    [
                        {
                            "id": "test",
                            "single_end": false
                        },
                        "test-stats.tab:md5,d41d8cd98f00b204e9800998ecf8427e"
                    ]
                ],
                "versions_abyss": [
                    [
                        "ABYSS",
                        "abyss",
                        ""
                    ]
                ]
            }
        ],
        "meta": {
            "nf-test": "0.9.3",
            "nextflow": "25.10.4"
        },
        "timestamp": "2026-02-17T16:11:09.592741223"
    }
}